example input that will match timestamp, 2016-05-25 09:01:02
